
> frontend@0.0.0 dev
> vite --port 5174 --host 0.0.0.0


  VITE v8.0.16  ready in 262 ms

  ➜  Local:   http://localhost:5174/
  ➜  Network: http://198.19.131.139:5174/
  ➜  Network: http://10.0.72.81:5174/
9:07:27 AM [vite] (client) hmr update /src/styles/globals.css, /src/components/workarea/WorkArea.tsx
9:24:36 AM [vite] (client) hmr update /src/styles/globals.css, /src/pages/CreateDramaPage.tsx
3:59:05 PM [vite] (client) hmr update /src/styles/globals.css, /src/pages/CreateDramaPage.tsx, /src/components/workarea/WorkArea.tsx, /src/components/workarea/StepNavigationBar.tsx, /src/components/workarea/StepRunner.tsx, /src/components/workarea/StepActions.tsx, /src/components/workarea/CreativeSettings.tsx
3:59:16 PM [vite] (client) hmr update /src/styles/globals.css, /src/pages/CreateDramaPage.tsx, /src/components/workarea/WorkArea.tsx, /src/components/workarea/StepNavigationBar.tsx, /src/components/workarea/StepRunner.tsx, /src/components/workarea/StepActions.tsx, /src/components/workarea/CreativeSettings.tsx
3:59:23 PM [vite] (client) hmr update /src/styles/globals.css, /src/pages/CreateDramaPage.tsx, /src/components/workarea/WorkArea.tsx, /src/components/workarea/StepNavigationBar.tsx, /src/components/workarea/StepRunner.tsx, /src/components/workarea/StepActions.tsx, /src/components/workarea/CreativeSettings.tsx
3:59:28 PM [vite] (client) hmr update /src/styles/globals.css, /src/pages/CreateDramaPage.tsx, /src/components/workarea/WorkArea.tsx, /src/components/workarea/StepNavigationBar.tsx, /src/components/workarea/StepRunner.tsx, /src/components/workarea/StepActions.tsx, /src/components/workarea/CreativeSettings.tsx
4:11:01 PM [vite] (client) hmr update /src/styles/globals.css, /src/pages/CreateDramaPage.tsx, /src/components/workarea/WorkArea.tsx, /src/components/workarea/StepNavigationBar.tsx, /src/components/workarea/StepRunner.tsx, /src/components/workarea/StepActions.tsx, /src/components/workarea/CreativeSettings.tsx
4:11:07 PM [vite] (client) hmr update /src/styles/globals.css, /src/pages/CreateDramaPage.tsx, /src/components/workarea/WorkArea.tsx, /src/components/workarea/StepNavigationBar.tsx, /src/components/workarea/StepRunner.tsx, /src/components/workarea/StepActions.tsx, /src/components/workarea/CreativeSettings.tsx
4:11:15 PM [vite] (client) hmr update /src/styles/globals.css, /src/pages/CreateDramaPage.tsx, /src/components/workarea/WorkArea.tsx, /src/components/workarea/StepNavigationBar.tsx, /src/components/workarea/StepRunner.tsx, /src/components/workarea/StepActions.tsx, /src/components/workarea/CreativeSettings.tsx
4:11:20 PM [vite] (client) hmr update /src/styles/globals.css, /src/pages/CreateDramaPage.tsx, /src/components/workarea/WorkArea.tsx, /src/components/workarea/StepNavigationBar.tsx, /src/components/workarea/StepRunner.tsx, /src/components/workarea/StepActions.tsx, /src/components/workarea/CreativeSettings.tsx
4:11:37 PM [vite] (client) hmr update /src/styles/globals.css, /src/pages/CreateDramaPage.tsx, /src/components/workarea/WorkArea.tsx, /src/components/workarea/StepNavigationBar.tsx, /src/components/workarea/StepRunner.tsx, /src/components/workarea/StepActions.tsx, /src/components/workarea/CreativeSettings.tsx
4:11:46 PM [vite] (client) hmr update /src/styles/globals.css, /src/pages/CreateDramaPage.tsx, /src/components/workarea/WorkArea.tsx, /src/components/workarea/StepNavigationBar.tsx, /src/components/workarea/StepRunner.tsx, /src/components/workarea/StepActions.tsx, /src/components/workarea/CreativeSettings.tsx
4:11:54 PM [vite] (client) hmr update /src/styles/globals.css, /src/pages/CreateDramaPage.tsx, /src/components/workarea/WorkArea.tsx, /src/components/workarea/StepNavigationBar.tsx, /src/components/workarea/StepRunner.tsx, /src/components/workarea/StepActions.tsx, /src/components/workarea/CreativeSettings.tsx
4:12:39 PM [vite] (client) hmr update /src/styles/globals.css, /src/components/workarea/StepRunner.tsx
4:12:56 PM [vite] (client) hmr update /src/styles/globals.css, /src/pages/CreateDramaPage.tsx, /src/components/workarea/WorkArea.tsx, /src/components/workarea/StepNavigationBar.tsx, /src/components/workarea/StepRunner.tsx, /src/components/workarea/StepActions.tsx, /src/components/workarea/CreativeSettings.tsx
4:13:04 PM [vite] (client) hmr update /src/styles/globals.css, /src/pages/CreateDramaPage.tsx, /src/components/workarea/WorkArea.tsx, /src/components/workarea/StepNavigationBar.tsx, /src/components/workarea/StepRunner.tsx, /src/components/workarea/StepActions.tsx, /src/components/workarea/CreativeSettings.tsx
4:13:11 PM [vite] (client) hmr update /src/styles/globals.css, /src/components/workarea/StepRunner.tsx
4:13:42 PM [vite] (client) hmr update /src/styles/globals.css, /src/pages/CreateDramaPage.tsx
4:13:42 PM [vite] (client) hmr update /src/styles/globals.css, /src/components/workarea/StepActions.tsx
4:13:51 PM [vite] (client) hmr update /src/styles/globals.css, /src/pages/CreateDramaPage.tsx
4:13:57 PM [vite] (client) hmr update /src/styles/globals.css, /src/pages/CreateDramaPage.tsx
4:14:01 PM [vite] (client) hmr update /src/styles/globals.css, /src/pages/CreateDramaPage.tsx
4:14:03 PM [vite] (client) hmr update /src/styles/globals.css, /src/components/layout/AIChatPanel.tsx
4:14:18 PM [vite] (client) hmr update /src/styles/globals.css, /src/components/workarea/WorkArea.tsx
